[backblue.gif]
[fade.gif]
[index.html]
[ctoiam.com/wp-content/plugins/cookie-law-info/lite/frontend/js/script.min46df.js]
[ctoiam.com/comments/feed/index.html]
[ctoiam.com/feed/index.html]
[ctoiam.com/xmlrpc0db0.php]
[ctoiam.com/wp-json/index.html]
[ctoiam.com/wp-content/uploads/fbrfg/apple-touch-icon.png]
[ctoiam.com/wp-content/uploads/fbrfg/favicon-32x32.png]
[ctoiam.com/wp-content/uploads/fbrfg/favicon-16x16.png]
[ctoiam.com/wp-content/uploads/fbrfg/site.webmanifest]
[ctoiam.com/wp-content/uploads/fbrfg/favicon.ico]
[ctoiam.com/wp-includes/js/dist/vendor/wp-polyfill-importmap.minef6d.js]
[ctoiam.com/wp-includes/blocks/navigation/view.min369f.js]
[ctoiam.com/wp-includes/js/dist/interactivity.min369f.js]
[ctoiam.com/wp-content/themes/twentytwentythree/assets/fonts/dm-sans/DMSans-Regular.woff2]
[ctoiam.com/wp-content/themes/twentytwentythree/assets/fonts/dm-sans/DMSans-Regular-Italic.woff2]
[ctoiam.com/wp-content/themes/twentytwentythree/assets/fonts/dm-sans/DMSans-Bold.woff2]
[ctoiam.com/wp-content/themes/twentytwentythree/assets/fonts/dm-sans/DMSans-Bold-Italic.woff2]
[ctoiam.com/wp-content/themes/twentytwentythree/assets/fonts/ibm-plex-mono/IBMPlexMono-Light.woff2]
[ctoiam.com/wp-content/themes/twentytwentythree/assets/fonts/ibm-plex-mono/IBMPlexMono-Regular.woff2]
[ctoiam.com/wp-content/themes/twentytwentythree/assets/fonts/ibm-plex-mono/IBMPlexMono-Italic.woff2]
[ctoiam.com/wp-content/themes/twentytwentythree/assets/fonts/ibm-plex-mono/IBMPlexMono-Bold.woff2]
[ctoiam.com/wp-content/themes/twentytwentythree/assets/fonts/inter/Inter-VariableFont_slnt,wght.ttf]
[ctoiam.com/wp-content/themes/twentytwentythree/assets/fonts/source-serif-pro/SourceSerif4Variable-Roman.ttf.woff2]
[ctoiam.com/wp-content/themes/twentytwentythree/assets/fonts/source-serif-pro/SourceSerif4Variable-Italic.ttf.woff2]
[ctoiam.com/index.html]
[ctoiam.com/wp-includes/blocks/navigation/style.min369f.css]
[ctoiam.com/wp-content/uploads/fbrfg/safari-pinned-tab.svg]
[ctoiam.com/wp-json/wp/v2/pages/2.json]
[ctoiam.com/wp-json/oembed/1.0/embedd8d4.json]
[ctoiam.com/about/feed/index.html]
[ctoiam.com/wp-json/oembed/1.0/embedab65]
[ctoiam.com/about/index.html]
[ctoiam.com/wp-json/wp/v2/posts/152.json]
[ctoiam.com/wp-json/oembed/1.0/embed293e.json]
[ctoiam.com/wp-json/oembed/1.0/embed1562]
[ctoiam.com/2024/07/zone-of-genius/index.html]
[ctoiam.com/wp-content/uploads/2024/07/DALL·E-2024-07-17-09.24.41-An-illustration-showing-the-Zone-of-Genius-concept.-A-person-stands-at-the-center-of-four-overlapping-circles-each-representing-differen]
[ctoiam.com/wp-json/wp/v2/posts/150.json]
[ctoiam.com/wp-json/oembed/1.0/embedea1c.json]
[ctoiam.com/wp-json/oembed/1.0/embedd03c]
[ctoiam.com/2024/07/becoming-an-ai-consultant-essential-steps-and-skills/index.html]
[ctoiam.com/wp-json/wp/v2/posts/53.json]
[ctoiam.com/wp-json/oembed/1.0/embedb4aa.json]
[ctoiam.com/wp-json/oembed/1.0/embeddbed]
[ctoiam.com/2024/02/how-to-be-productive-part-6-health-and-performance/index.html]
[ctoiam.com/wp-json/wp/v2/posts/99.json]
[ctoiam.com/wp-json/oembed/1.0/embed5ae6.json]
[ctoiam.com/wp-json/oembed/1.0/embed7946]
[ctoiam.com/2024/01/pomodorotimeframing-technic/index.html]
[ctoiam.com/wp-content/uploads/2024/01/DALL·E-2024-01-24-18.30.42-An-illustration-for-an-article-about-the-Pomodoro-Technique.-The-image-should-depict-a-minimalist-and-modern-workspace-with-a-desk-a-com]
[ctoiam.com/wp-json/wp/v2/posts/132.json]
[ctoiam.com/wp-json/oembed/1.0/embedb6ee.json]
[ctoiam.com/wp-json/oembed/1.0/embede3bf]
[ctoiam.com/wp-content/uploads/2024/01/officevshome.png]
[ctoiam.com/2024/01/do-i-need-to-push-people-to-work-from-the-office/index.html]
[ctoiam.com/wp-json/wp/v2/posts/51.json]
[ctoiam.com/wp-json/oembed/1.0/embed817f.json]
[ctoiam.com/wp-json/oembed/1.0/embedceb7]
[ctoiam.com/2023/10/how-to-be-productive-part-5-developing-your-brain/index.html]
[ctoiam.com/wp-json/wp/v2/posts/35.json]
[ctoiam.com/wp-json/oembed/1.0/embed78fe.json]
[ctoiam.com/wp-json/oembed/1.0/embedd7d0]
[ctoiam.com/wp-content/uploads/2023/08/photo_2023-08-29-17.38.50.jpg]
[ctoiam.com/wp-content/uploads/2023/10/eaa9964b-83b8-4ba6-a56d-1bfef29ed571.jpg]
[ctoiam.com/wp-content/uploads/2023/10/Daily-Limit-of-Willpower.jpg]
[ctoiam.com/wp-content/uploads/2023/10/Daily-Limit-of-Willpower-1-1.jpg]
[ctoiam.com/2023/10/how-to-be-productive-part-4-willpower-and-focus/index.html]
[ctoiam.com/wp-json/wp/v2/posts/46.json]
[ctoiam.com/wp-json/oembed/1.0/embede7a9.json]
[ctoiam.com/wp-json/oembed/1.0/embede535]
[ctoiam.com/wp-content/uploads/2023/08/Show-a-person-at-the-start-of-a-mountain-path.-A-flag-with-a-speech-bubble.-Helping-hands.-Lit-footp.jpg]
[ctoiam.com/wp-content/uploads/2023/08/smile-bright-idea-bulb_clipdrop-variants-1024x1024.jpg]
[ctoiam.com/2023/09/how-to-be-productive-part-3-responsibility-and-mindset/index.html]
[ctoiam.com/wp-json/wp/v2/posts/44.json]
[ctoiam.com/wp-json/oembed/1.0/embed8362.json]
[ctoiam.com/wp-json/oembed/1.0/embedc88d]
[ctoiam.com/wp-content/uploads/2023/08/Elements-include-a-tidy-desk-with-a-computer-ergonomic-chair-and-essential-stationary-soundproofi.jpg]
[ctoiam.com/wp-content/uploads/2023/08/Left_-Rusty-tools-and-a-frozen-computer.-Right_-Shiny-tools-and-a-tablet-with-e-learning.-.jpg]
[ctoiam.com/wp-content/uploads/2023/08/media-logos-inside-hourglass.jpg]
[ctoiam.com/2023/08/how-to-be-productive-part-2-productive-environment/index.html]
[ctoiam.com/wp-json/wp/v2/posts/42.json]
[ctoiam.com/wp-json/oembed/1.0/embeddc75.json]
[ctoiam.com/wp-json/oembed/1.0/embed44eb]
[ctoiam.com/wp-content/uploads/2023/08/A-draftsmans-table-with-a-detailed-blueprint-spread-out.-The-plan-contains-different-sections-like-1-1.jpg]
[ctoiam.com/wp-content/uploads/2023/08/A-large-mountain-representing-a-big-goal-or-project.-The-mountain-is-segmented-into-smaller-chunks-o.jpg]
[ctoiam.com/wp-content/uploads/2023/08/A-golden-hourglass-in-which-the-sand-is-made-up-of-tiny-clock-faces-or-coins-symbolizing-the-value-.jpg]
[ctoiam.com/2023/08/how-to-be-productive-part-1-planning-taks-and-time/index.html]
[ctoiam.com/page/2/index.html]
[ctoiam.com/index905b.html]
[ctoiam.com/index1611.html]
[ctoiam.com/wp-json/wp/v2/categories/1.json]
[ctoiam.com/category/uncategorized/index.html]
[ctoiam.com/index56d6.html]
[ctoiam.com/wp-json/wp/v2/categories/30.json]
[ctoiam.com/category/uncategorized/feed/index.html]
[ctoiam.com/category/ai/index.html]
[ctoiam.com/wp-json/wp/v2/tags/31.json]
[ctoiam.com/tag/ai/index.html]
[ctoiam.com/category/ai/feed/index.html]
[ctoiam.com/wp-json/wp/v2/tags/32.json]
[ctoiam.com/tag/job/index.html]
[ctoiam.com/index5fb3.html]
[ctoiam.com/tag/ai/feed/index.html]
[ctoiam.com/wp-json/wp/v2/categories/14.json]
[ctoiam.com/category/productivity/index.html]
[ctoiam.com/tag/job/feed/index.html]
[ctoiam.com/wp-json/wp/v2/tags/29.json]
[ctoiam.com/category/productivity/feed/index.html]
[ctoiam.com/tag/health/index.html]
[ctoiam.com/wp-json/wp/v2/tags/17.json]
[ctoiam.com/tag/productivity/index.html]
[ctoiam.com/index5401.html]
[ctoiam.com/tag/health/feed/index.html]
[ctoiam.com/wp-json/wp/v2/tags/28.json]
[ctoiam.com/tag/productivity/feed/index.html]
[ctoiam.com/tag/pomodoro/index.html]
[ctoiam.com/wp-json/wp/v2/tags/27.json]
[ctoiam.com/tag/timemanagement/index.html]
[ctoiam.com/index31a3.html]
[ctoiam.com/tag/pomodoro/feed/index.html]
[ctoiam.com/wp-json/wp/v2/categories/18.json]
[ctoiam.com/category/hr/index.html]
[ctoiam.com/tag/timemanagement/feed/index.html]
[ctoiam.com/wp-json/wp/v2/tags/24.json]
[ctoiam.com/tag/office/index.html]
[ctoiam.com/category/hr/feed/index.html]
[ctoiam.com/wp-json/wp/v2/tags/25.json]
[ctoiam.com/tag/remote/index.html]
[ctoiam.com/tag/office/feed/index.html]
[ctoiam.com/wp-json/wp/v2/tags/26.json]
[ctoiam.com/tag/work/index.html]
[ctoiam.com/index8cf7.html]
[ctoiam.com/tag/remote/feed/index.html]
[ctoiam.com/wp-json/wp/v2/tags/23.json]
[ctoiam.com/tag/brain/index.html]
[ctoiam.com/index5c90.html]
[ctoiam.com/tag/work/feed/index.html]
[ctoiam.com/wp-json/wp/v2/tags/22.json]
[ctoiam.com/tag/focus/index.html]
[ctoiam.com/tag/brain/feed/index.html]
[ctoiam.com/wp-json/wp/v2/tags/21.json]
[ctoiam.com/tag/willpower/index.html]
[ctoiam.com/index7ea6.html]
[ctoiam.com/tag/focus/feed/index.html]
[ctoiam.com/wp-json/wp/v2/tags/15.json]
[ctoiam.com/tag/accountability/index.html]
[ctoiam.com/tag/willpower/feed/index.html]
[ctoiam.com/wp-json/wp/v2/tags/16.json]
[ctoiam.com/tag/mindset/index.html]
[ctoiam.com/index49b1.html]
[ctoiam.com/indexfbd5.html]
[ctoiam.com/tag/accountability/feed/index.html]
[ctoiam.com/wp-json/wp/v2/posts/40.json]
[ctoiam.com/tag/mindset/feed/index.html]
[ctoiam.com/wp-json/oembed/1.0/embedf669.json]
[ctoiam.com/wp-json/oembed/1.0/embeded83]
[ctoiam.com/2023/08/how-to-be-productive/index.html]
[ctoiam.com/wp-json/wp/v2/posts/22.json]
[ctoiam.com/wp-json/oembed/1.0/embedfd06.json]
[ctoiam.com/wp-json/oembed/1.0/embed4eb9]
[ctoiam.com/2023/07/cto-vs-cpo-vs-coo-understanding-the-roles/index.html]
[ctoiam.com/wp-json/wp/v2/posts/20.json]
[ctoiam.com/wp-json/oembed/1.0/embed95eb.json]
[ctoiam.com/wp-json/oembed/1.0/embed864a]
[ctoiam.com/2023/07/security-awareness-for-software-engineers/index.html]
[ctoiam.com/wp-json/wp/v2/posts/1.json]
[ctoiam.com/2023/07/hello-world/feed/index.html]
[ctoiam.com/wp-json/oembed/1.0/embed85c9.json]
[ctoiam.com/wp-json/oembed/1.0/embed65dd]
[ctoiam.com/2023/07/hello-world/index.html]
[ctoiam.com/wp-json/wp/v2/posts/156.json]
[ctoiam.com/wp-json/oembed/1.0/embed432b.json]
[ctoiam.com/wp-json/oembed/1.0/embedff65]
[ctoiam.com/2018/06/responsibilities-of-a-vp-of-engineering-or-cto/index.html]
[ctoiam.com/index3ba0.html]
[ctoiam.com/index0345.html]
[ctoiam.com/wp-json/wp/v2/tags/12.json]
[ctoiam.com/tag/coo/index.html]
[ctoiam.com/wp-json/wp/v2/tags/11.json]
[ctoiam.com/tag/cpo/index.html]
[ctoiam.com/tag/coo/feed/index.html]
[ctoiam.com/wp-json/wp/v2/tags/10.json]
[ctoiam.com/tag/cto/index.html]
[ctoiam.com/tag/cpo/feed/index.html]
[ctoiam.com/wp-json/wp/v2/tags/13.json]
[ctoiam.com/tag/roles/index.html]
[ctoiam.com/index341b.html]
[ctoiam.com/tag/cto/feed/index.html]
[ctoiam.com/wp-json/wp/v2/tags/6.json]
[ctoiam.com/tag/awareness/index.html]
[ctoiam.com/tag/roles/feed/index.html]
[ctoiam.com/wp-json/wp/v2/tags/4.json]
[ctoiam.com/tag/security/index.html]
[ctoiam.com/indexcff1.html]
[ctoiam.com/indexd1a7.html]
[ctoiam.com/tag/awareness/feed/index.html]
[ctoiam.com/tag/security/feed/index.html]
